// Jest Snapshot v1, https://goo.gl/fbAQLP

exports[`SearchControls component renders searchControls 1`] = `
<DocumentFragment>
  <form
    class="actualForm"
  >
    <label
      for="query"
    />
    <input
      class="search"
      placeholder="URL"
      value="plasscage.com"
    />
    <div
      class="radioToolbar"
    >
      <input
        id="get"
        method="put"
        name="method"
        type="radio"
        value="GET"
      />
      <label
        for="get"
      >
        GET
      </label>
      <input
        id="post"
        method="put"
        name="method"
        type="radio"
        value="POST"
      />
      <label
        for="post"
      >
        POST
      </label>
      <input
        id="put"
        method="put"
        name="method"
        type="radio"
        value="PUT"
      />
      <label
        for="put"
      >
        PUT
      </label>
      <input
        id="patch"
        method="put"
        name="method"
        type="radio"
        value="PATCH"
      />
      <label
        for="patch"
      >
        PATCH
      </label>
      <input
        id="delete"
        method="put"
        name="method"
        type="radio"
        value="DELETE"
      />
      <label
        for="delete"
      >
        DELETE
      </label>
    </div>
    <div
      class="go"
    >
      <button
        class="goBut"
      >
        Go!
      </button>
    </div>
    <textarea
      class="raw"
      name="body"
      placeholder="Raw JSON Body"
    >
      name: cage
    </textarea>
  </form>
</DocumentFragment>
`;
